<!DOCTYPE html>
<html lang="en">
<head></head>
<body><h1>Hallo welt!</h1></body>
</html>
