<?xml version="1.0"?>
<foo>
  <bar>Foo</bar>
</foo>
